Archive member included to satisfy reference by file (symbol)

m:/full embedded systems diploma imt/programs/avr8-gnu-toolchain/bin/../lib/gcc/avr/7.3.0/avr5\libgcc.a(_exit.o)
                              m:/full embedded systems diploma imt/programs/avr8-gnu-toolchain/bin/../lib/gcc/avr/7.3.0/../../../../avr/lib/avr5/crtatmega32.o (exit)
m:/full embedded systems diploma imt/programs/avr8-gnu-toolchain/bin/../lib/gcc/avr/7.3.0/avr5\libgcc.a(_clear_bss.o)
                              ./APP_program.o (__do_clear_bss)
m:/full embedded systems diploma imt/programs/avr8-gnu-toolchain/bin/../lib/gcc/avr/7.3.0/../../../../avr/lib/avr5\libm.a(addsf3.o)
                              ./TIMER0_program.o (__subsf3)
m:/full embedded systems diploma imt/programs/avr8-gnu-toolchain/bin/../lib/gcc/avr/7.3.0/../../../../avr/lib/avr5\libm.a(addsf3x.o)
                              m:/full embedded systems diploma imt/programs/avr8-gnu-toolchain/bin/../lib/gcc/avr/7.3.0/../../../../avr/lib/avr5\libm.a(addsf3.o) (__addsf3x)
m:/full embedded systems diploma imt/programs/avr8-gnu-toolchain/bin/../lib/gcc/avr/7.3.0/../../../../avr/lib/avr5\libm.a(cmpsf2.o)
                              ./APP_program.o (__ltsf2)
m:/full embedded systems diploma imt/programs/avr8-gnu-toolchain/bin/../lib/gcc/avr/7.3.0/../../../../avr/lib/avr5\libm.a(divsf3.o)
                              ./TIMER0_program.o (__divsf3)
m:/full embedded systems diploma imt/programs/avr8-gnu-toolchain/bin/../lib/gcc/avr/7.3.0/../../../../avr/lib/avr5\libm.a(divsf3x.o)
                              m:/full embedded systems diploma imt/programs/avr8-gnu-toolchain/bin/../lib/gcc/avr/7.3.0/../../../../avr/lib/avr5\libm.a(divsf3.o) (__divsf3x)
m:/full embedded systems diploma imt/programs/avr8-gnu-toolchain/bin/../lib/gcc/avr/7.3.0/../../../../avr/lib/avr5\libm.a(fixunssfsi.o)
                              ./APP_program.o (__fixunssfsi)
m:/full embedded systems diploma imt/programs/avr8-gnu-toolchain/bin/../lib/gcc/avr/7.3.0/../../../../avr/lib/avr5\libm.a(floatsisf.o)
                              ./TIMER0_program.o (__floatunsisf)
m:/full embedded systems diploma imt/programs/avr8-gnu-toolchain/bin/../lib/gcc/avr/7.3.0/../../../../avr/lib/avr5\libm.a(fp_cmp.o)
                              m:/full embedded systems diploma imt/programs/avr8-gnu-toolchain/bin/../lib/gcc/avr/7.3.0/../../../../avr/lib/avr5\libm.a(cmpsf2.o) (__fp_cmp)
m:/full embedded systems diploma imt/programs/avr8-gnu-toolchain/bin/../lib/gcc/avr/7.3.0/../../../../avr/lib/avr5\libm.a(fp_inf.o)
                              m:/full embedded systems diploma imt/programs/avr8-gnu-toolchain/bin/../lib/gcc/avr/7.3.0/../../../../avr/lib/avr5\libm.a(addsf3x.o) (__fp_inf)
m:/full embedded systems diploma imt/programs/avr8-gnu-toolchain/bin/../lib/gcc/avr/7.3.0/../../../../avr/lib/avr5\libm.a(fp_nan.o)
                              m:/full embedded systems diploma imt/programs/avr8-gnu-toolchain/bin/../lib/gcc/avr/7.3.0/../../../../avr/lib/avr5\libm.a(addsf3x.o) (__fp_nan)
m:/full embedded systems diploma imt/programs/avr8-gnu-toolchain/bin/../lib/gcc/avr/7.3.0/../../../../avr/lib/avr5\libm.a(fp_pscA.o)
                              m:/full embedded systems diploma imt/programs/avr8-gnu-toolchain/bin/../lib/gcc/avr/7.3.0/../../../../avr/lib/avr5\libm.a(addsf3x.o) (__fp_pscA)
m:/full embedded systems diploma imt/programs/avr8-gnu-toolchain/bin/../lib/gcc/avr/7.3.0/../../../../avr/lib/avr5\libm.a(fp_pscB.o)
                              m:/full embedded systems diploma imt/programs/avr8-gnu-toolchain/bin/../lib/gcc/avr/7.3.0/../../../../avr/lib/avr5\libm.a(addsf3x.o) (__fp_pscB)
m:/full embedded systems diploma imt/programs/avr8-gnu-toolchain/bin/../lib/gcc/avr/7.3.0/../../../../avr/lib/avr5\libm.a(fp_round.o)
                              m:/full embedded systems diploma imt/programs/avr8-gnu-toolchain/bin/../lib/gcc/avr/7.3.0/../../../../avr/lib/avr5\libm.a(addsf3.o) (__fp_round)
m:/full embedded systems diploma imt/programs/avr8-gnu-toolchain/bin/../lib/gcc/avr/7.3.0/../../../../avr/lib/avr5\libm.a(fp_split3.o)
                              m:/full embedded systems diploma imt/programs/avr8-gnu-toolchain/bin/../lib/gcc/avr/7.3.0/../../../../avr/lib/avr5\libm.a(addsf3x.o) (__fp_split3)
m:/full embedded systems diploma imt/programs/avr8-gnu-toolchain/bin/../lib/gcc/avr/7.3.0/../../../../avr/lib/avr5\libm.a(fp_zero.o)
                              m:/full embedded systems diploma imt/programs/avr8-gnu-toolchain/bin/../lib/gcc/avr/7.3.0/../../../../avr/lib/avr5\libm.a(addsf3x.o) (__fp_zero)
m:/full embedded systems diploma imt/programs/avr8-gnu-toolchain/bin/../lib/gcc/avr/7.3.0/../../../../avr/lib/avr5\libm.a(gesf2.o)
                              ./APP_program.o (__gtsf2)
m:/full embedded systems diploma imt/programs/avr8-gnu-toolchain/bin/../lib/gcc/avr/7.3.0/../../../../avr/lib/avr5\libm.a(mulsf3.o)
                              ./APP_program.o (__mulsf3)
m:/full embedded systems diploma imt/programs/avr8-gnu-toolchain/bin/../lib/gcc/avr/7.3.0/../../../../avr/lib/avr5\libm.a(mulsf3x.o)
                              m:/full embedded systems diploma imt/programs/avr8-gnu-toolchain/bin/../lib/gcc/avr/7.3.0/../../../../avr/lib/avr5\libm.a(mulsf3.o) (__mulsf3x)

Memory Configuration

Name             Origin             Length             Attributes
text             0x0000000000000000 0x0000000000008000 xr
data             0x0000000000800060 0x0000000000000800 rw !x
eeprom           0x0000000000810000 0x0000000000000400 rw !x
fuse             0x0000000000820000 0x0000000000000002 rw !x
lock             0x0000000000830000 0x0000000000000400 rw !x
signature        0x0000000000840000 0x0000000000000400 rw !x
user_signatures  0x0000000000850000 0x0000000000000400 rw !x
*default*        0x0000000000000000 0xffffffffffffffff

Linker script and memory map

LOAD m:/full embedded systems diploma imt/programs/avr8-gnu-toolchain/bin/../lib/gcc/avr/7.3.0/../../../../avr/lib/avr5/crtatmega32.o
LOAD ./APP_program.o
LOAD ./DCM_program.o
LOAD ./DIO_program.o
LOAD ./IR_program.o
LOAD ./PORT_program.o
LOAD ./TIMER0_program.o
LOAD ./TIMER2_program.o
LOAD ./main.o
START GROUP
LOAD m:/full embedded systems diploma imt/programs/avr8-gnu-toolchain/bin/../lib/gcc/avr/7.3.0/avr5\libgcc.a
LOAD m:/full embedded systems diploma imt/programs/avr8-gnu-toolchain/bin/../lib/gcc/avr/7.3.0/../../../../avr/lib/avr5\libm.a
LOAD m:/full embedded systems diploma imt/programs/avr8-gnu-toolchain/bin/../lib/gcc/avr/7.3.0/../../../../avr/lib/avr5\libc.a
LOAD m:/full embedded systems diploma imt/programs/avr8-gnu-toolchain/bin/../lib/gcc/avr/7.3.0/../../../../avr/lib/avr5\libatmega32.a
END GROUP
                0x0000000000000000                __TEXT_REGION_ORIGIN__ = DEFINED (__TEXT_REGION_ORIGIN__)?__TEXT_REGION_ORIGIN__:0x0
                [0x0000000000800060]                __DATA_REGION_ORIGIN__ = DEFINED (__DATA_REGION_ORIGIN__)?__DATA_REGION_ORIGIN__:0x800060
                [0x0000000000008000]                __TEXT_REGION_LENGTH__ = DEFINED (__TEXT_REGION_LENGTH__)?__TEXT_REGION_LENGTH__:0x20000
                [0x0000000000000800]                __DATA_REGION_LENGTH__ = DEFINED (__DATA_REGION_LENGTH__)?__DATA_REGION_LENGTH__:0xffa0
                [0x0000000000000400]                __EEPROM_REGION_LENGTH__ = DEFINED (__EEPROM_REGION_LENGTH__)?__EEPROM_REGION_LENGTH__:0x10000
                [0x0000000000000002]                __FUSE_REGION_LENGTH__ = DEFINED (__FUSE_REGION_LENGTH__)?__FUSE_REGION_LENGTH__:0x400
                0x0000000000000400                __LOCK_REGION_LENGTH__ = DEFINED (__LOCK_REGION_LENGTH__)?__LOCK_REGION_LENGTH__:0x400
                0x0000000000000400                __SIGNATURE_REGION_LENGTH__ = DEFINED (__SIGNATURE_REGION_LENGTH__)?__SIGNATURE_REGION_LENGTH__:0x400
                0x0000000000000400                __USER_SIGNATURE_REGION_LENGTH__ = DEFINED (__USER_SIGNATURE_REGION_LENGTH__)?__USER_SIGNATURE_REGION_LENGTH__:0x400

.hash
 *(.hash)

.dynsym
 *(.dynsym)

.dynstr
 *(.dynstr)

.gnu.version
 *(.gnu.version)

.gnu.version_d
 *(.gnu.version_d)

.gnu.version_r
 *(.gnu.version_r)

.rel.init
 *(.rel.init)

.rela.init
 *(.rela.init)

.rel.text
 *(.rel.text)
 *(.rel.text.*)
 *(.rel.gnu.linkonce.t*)

.rela.text
 *(.rela.text)
 *(.rela.text.*)
 *(.rela.gnu.linkonce.t*)

.rel.fini
 *(.rel.fini)

.rela.fini
 *(.rela.fini)

.rel.rodata
 *(.rel.rodata)
 *(.rel.rodata.*)
 *(.rel.gnu.linkonce.r*)

.rela.rodata
 *(.rela.rodata)
 *(.rela.rodata.*)
 *(.rela.gnu.linkonce.r*)

.rel.data
 *(.rel.data)
 *(.rel.data.*)
 *(.rel.gnu.linkonce.d*)

.rela.data
 *(.rela.data)
 *(.rela.data.*)
 *(.rela.gnu.linkonce.d*)

.rel.ctors
 *(.rel.ctors)

.rela.ctors
 *(.rela.ctors)

.rel.dtors
 *(.rel.dtors)

.rela.dtors
 *(.rela.dtors)

.rel.got
 *(.rel.got)

.rela.got
 *(.rela.got)

.rel.bss
 *(.rel.bss)

.rela.bss
 *(.rela.bss)

.rel.plt
 *(.rel.plt)

.rela.plt
 *(.rela.plt)

.text           0x0000000000000000     0x2254
 *(.vectors)
 .vectors       0x0000000000000000       0x54 m:/full embedded systems diploma imt/programs/avr8-gnu-toolchain/bin/../lib/gcc/avr/7.3.0/../../../../avr/lib/avr5/crtatmega32.o
                0x0000000000000000                __vector_default
                0x0000000000000000                __vectors
 *(.vectors)
 *(.progmem.gcc*)
                0x0000000000000054                . = ALIGN (0x2)
                0x0000000000000054                __trampolines_start = .
 *(.trampolines)
 .trampolines   0x0000000000000054        0x0 linker stubs
 *(.trampolines*)
                0x0000000000000054                __trampolines_end = .
 *libprintf_flt.a:*(.progmem.data)
 *libc.a:*(.progmem.data)
 *(.progmem*)
                0x0000000000000054                . = ALIGN (0x2)
 *(.jumptables)
 *(.jumptables*)
 *(.lowtext)
 *(.lowtext*)
                0x0000000000000054                __ctors_start = .
 *(.ctors)
                0x0000000000000054                __ctors_end = .
                0x0000000000000054                __dtors_start = .
 *(.dtors)
                0x0000000000000054                __dtors_end = .
 SORT(*)(.ctors)
 SORT(*)(.dtors)
 *(.init0)
 .init0         0x0000000000000054        0x0 m:/full embedded systems diploma imt/programs/avr8-gnu-toolchain/bin/../lib/gcc/avr/7.3.0/../../../../avr/lib/avr5/crtatmega32.o
                0x0000000000000054                __init
 *(.init0)
 *(.init1)
 *(.init1)
 *(.init2)
 .init2         0x0000000000000054        0xc m:/full embedded systems diploma imt/programs/avr8-gnu-toolchain/bin/../lib/gcc/avr/7.3.0/../../../../avr/lib/avr5/crtatmega32.o
 *(.init2)
 *(.init3)
 *(.init3)
 *(.init4)
 .init4         0x0000000000000060       0x10 m:/full embedded systems diploma imt/programs/avr8-gnu-toolchain/bin/../lib/gcc/avr/7.3.0/avr5\libgcc.a(_clear_bss.o)
                0x0000000000000060                __do_clear_bss
 *(.init4)
 *(.init5)
 *(.init5)
 *(.init6)
 *(.init6)
 *(.init7)
 *(.init7)
 *(.init8)
 *(.init8)
 *(.init9)
 .init9         0x0000000000000070        0x8 m:/full embedded systems diploma imt/programs/avr8-gnu-toolchain/bin/../lib/gcc/avr/7.3.0/../../../../avr/lib/avr5/crtatmega32.o
 *(.init9)
 *(.text)
 .text          0x0000000000000078        0x4 m:/full embedded systems diploma imt/programs/avr8-gnu-toolchain/bin/../lib/gcc/avr/7.3.0/../../../../avr/lib/avr5/crtatmega32.o
                0x0000000000000078                __vector_1
                0x0000000000000078                __vector_12
                0x0000000000000078                __bad_interrupt
                0x0000000000000078                __vector_6
                0x0000000000000078                __vector_3
                0x0000000000000078                __vector_13
                0x0000000000000078                __vector_17
                0x0000000000000078                __vector_19
                0x0000000000000078                __vector_7
                0x0000000000000078                __vector_9
                0x0000000000000078                __vector_2
                0x0000000000000078                __vector_15
                0x0000000000000078                __vector_8
                0x0000000000000078                __vector_14
                0x0000000000000078                __vector_16
                0x0000000000000078                __vector_18
                0x0000000000000078                __vector_20
 .text          0x000000000000007c        0x0 ./APP_program.o
 .text          0x000000000000007c        0x0 ./DCM_program.o
 .text          0x000000000000007c        0x0 ./DIO_program.o
 .text          0x000000000000007c        0x0 ./IR_program.o
 .text          0x000000000000007c        0x0 ./PORT_program.o
 .text          0x000000000000007c        0x0 ./TIMER0_program.o
 .text          0x000000000000007c        0x0 ./TIMER2_program.o
 .text          0x000000000000007c        0x0 ./main.o
 .text          0x000000000000007c        0x0 m:/full embedded systems diploma imt/programs/avr8-gnu-toolchain/bin/../lib/gcc/avr/7.3.0/avr5\libgcc.a(_exit.o)
 .text          0x000000000000007c        0x0 m:/full embedded systems diploma imt/programs/avr8-gnu-toolchain/bin/../lib/gcc/avr/7.3.0/avr5\libgcc.a(_clear_bss.o)
 .text          0x000000000000007c        0x0 m:/full embedded systems diploma imt/programs/avr8-gnu-toolchain/bin/../lib/gcc/avr/7.3.0/../../../../avr/lib/avr5\libm.a(addsf3.o)
 .text          0x000000000000007c        0x0 m:/full embedded systems diploma imt/programs/avr8-gnu-toolchain/bin/../lib/gcc/avr/7.3.0/../../../../avr/lib/avr5\libm.a(addsf3x.o)
 .text          0x000000000000007c        0x0 m:/full embedded systems diploma imt/programs/avr8-gnu-toolchain/bin/../lib/gcc/avr/7.3.0/../../../../avr/lib/avr5\libm.a(cmpsf2.o)
 .text          0x000000000000007c        0x0 m:/full embedded systems diploma imt/programs/avr8-gnu-toolchain/bin/../lib/gcc/avr/7.3.0/../../../../avr/lib/avr5\libm.a(divsf3.o)
 .text          0x000000000000007c        0x0 m:/full embedded systems diploma imt/programs/avr8-gnu-toolchain/bin/../lib/gcc/avr/7.3.0/../../../../avr/lib/avr5\libm.a(divsf3x.o)
 .text          0x000000000000007c        0x0 m:/full embedded systems diploma imt/programs/avr8-gnu-toolchain/bin/../lib/gcc/avr/7.3.0/../../../../avr/lib/avr5\libm.a(fixunssfsi.o)
 .text          0x000000000000007c        0x0 m:/full embedded systems diploma imt/programs/avr8-gnu-toolchain/bin/../lib/gcc/avr/7.3.0/../../../../avr/lib/avr5\libm.a(floatsisf.o)
 .text          0x000000000000007c        0x0 m:/full embedded systems diploma imt/programs/avr8-gnu-toolchain/bin/../lib/gcc/avr/7.3.0/../../../../avr/lib/avr5\libm.a(fp_cmp.o)
 .text          0x000000000000007c        0x0 m:/full embedded systems diploma imt/programs/avr8-gnu-toolchain/bin/../lib/gcc/avr/7.3.0/../../../../avr/lib/avr5\libm.a(fp_inf.o)
 .text          0x000000000000007c        0x0 m:/full embedded systems diploma imt/programs/avr8-gnu-toolchain/bin/../lib/gcc/avr/7.3.0/../../../../avr/lib/avr5\libm.a(fp_nan.o)
 .text          0x000000000000007c        0x0 m:/full embedded systems diploma imt/programs/avr8-gnu-toolchain/bin/../lib/gcc/avr/7.3.0/../../../../avr/lib/avr5\libm.a(fp_pscA.o)
 .text          0x000000000000007c        0x0 m:/full embedded systems diploma imt/programs/avr8-gnu-toolchain/bin/../lib/gcc/avr/7.3.0/../../../../avr/lib/avr5\libm.a(fp_pscB.o)
 .text          0x000000000000007c        0x0 m:/full embedded systems diploma imt/programs/avr8-gnu-toolchain/bin/../lib/gcc/avr/7.3.0/../../../../avr/lib/avr5\libm.a(fp_round.o)
 .text          0x000000000000007c        0x0 m:/full embedded systems diploma imt/programs/avr8-gnu-toolchain/bin/../lib/gcc/avr/7.3.0/../../../../avr/lib/avr5\libm.a(fp_split3.o)
 .text          0x000000000000007c        0x0 m:/full embedded systems diploma imt/programs/avr8-gnu-toolchain/bin/../lib/gcc/avr/7.3.0/../../../../avr/lib/avr5\libm.a(fp_zero.o)
 .text          0x000000000000007c        0x0 m:/full embedded systems diploma imt/programs/avr8-gnu-toolchain/bin/../lib/gcc/avr/7.3.0/../../../../avr/lib/avr5\libm.a(gesf2.o)
 .text          0x000000000000007c        0x0 m:/full embedded systems diploma imt/programs/avr8-gnu-toolchain/bin/../lib/gcc/avr/7.3.0/../../../../avr/lib/avr5\libm.a(mulsf3.o)
 .text          0x000000000000007c        0x0 m:/full embedded systems diploma imt/programs/avr8-gnu-toolchain/bin/../lib/gcc/avr/7.3.0/../../../../avr/lib/avr5\libm.a(mulsf3x.o)
                0x000000000000007c                . = ALIGN (0x2)
 *(.text.*)
 .text.APP_voidMoveForward
                0x000000000000007c       0x24 ./APP_program.o
                0x000000000000007c                APP_voidMoveForward
 .text.APP_voidMoveBackward
                0x00000000000000a0       0x24 ./APP_program.o
                0x00000000000000a0                APP_voidMoveBackward
 .text.APP_voidTurnRight
                0x00000000000000c4       0x24 ./APP_program.o
                0x00000000000000c4                APP_voidTurnRight
 .text.APP_voidTurnLeft
                0x00000000000000e8       0x24 ./APP_program.o
                0x00000000000000e8                APP_voidTurnLeft
 .text.APP_voidStop
                0x000000000000010c       0x24 ./APP_program.o
                0x000000000000010c                APP_voidStop
 .text.APP_u8GetRightIRState
                0x0000000000000130       0x24 ./APP_program.o
                0x0000000000000130                APP_u8GetRightIRState
 .text.APP_u8GetLeftIRState
                0x0000000000000154       0x24 ./APP_program.o
                0x0000000000000154                APP_u8GetLeftIRState
 .text.APP_voidFollowLine
                0x0000000000000178      0x172 ./APP_program.o
                0x0000000000000178                APP_voidFollowLine
 .text.APP_voidRotateRight90
                0x00000000000002ea      0x206 ./APP_program.o
                0x00000000000002ea                APP_voidRotateRight90
 .text.APP_voidRotateLeft90
                0x00000000000004f0      0x206 ./APP_program.o
                0x00000000000004f0                APP_voidRotateLeft90
 .text.APP_voidRotateDown180
                0x00000000000006f6       0x28 ./APP_program.o
                0x00000000000006f6                APP_voidRotateDown180
 .text.APP_voidMoveStep
                0x000000000000071e      0x1f8 ./APP_program.o
                0x000000000000071e                APP_voidMoveStep
 .text.APP_u8GoToXY
                0x0000000000000916      0x10c ./APP_program.o
                0x0000000000000916                APP_u8GoToXY
 .text.APP_u8GoToLine
                0x0000000000000a22      0x226 ./APP_program.o
                0x0000000000000a22                APP_u8GoToLine
 .text.DCM_voidRotateCw
                0x0000000000000c48       0x34 ./DCM_program.o
                0x0000000000000c48                DCM_voidRotateCw
 .text.DCM_voidRotateCcw
                0x0000000000000c7c       0x34 ./DCM_program.o
                0x0000000000000c7c                DCM_voidRotateCcw
 .text.DCM_voidStop
                0x0000000000000cb0       0x34 ./DCM_program.o
                0x0000000000000cb0                DCM_voidStop
 .text.DIO_u8SetPinValue
                0x0000000000000ce4      0x206 ./DIO_program.o
                0x0000000000000ce4                DIO_u8SetPinValue
 .text.DIO_u8SetPortValue
                0x0000000000000eea       0x78 ./DIO_program.o
                0x0000000000000eea                DIO_u8SetPortValue
 .text.DIO_u8GetPinValue
                0x0000000000000f62      0x116 ./DIO_program.o
                0x0000000000000f62                DIO_u8GetPinValue
 .text.IR_u8GetStatus
                0x0000000000001078       0x66 ./IR_program.o
                0x0000000000001078                IR_u8GetStatus
 .text.PORT_voidInit
                0x00000000000010de       0x56 ./PORT_program.o
                0x00000000000010de                PORT_voidInit
 .text.TIMER0_voidInit
                0x0000000000001134       0xb2 ./TIMER0_program.o
                0x0000000000001134                TIMER0_voidInit
 .text.TIMER0_u8SetPrescaler
                0x00000000000011e6       0x4c ./TIMER0_program.o
                0x00000000000011e6                TIMER0_u8SetPrescaler
 .text.TIMER0_voidStopTimer0
                0x0000000000001232       0x32 ./TIMER0_program.o
                0x0000000000001232                TIMER0_voidStopTimer0
 .text.TIMER0_voidSetCompareValue
                0x0000000000001264       0x20 ./TIMER0_program.o
                0x0000000000001264                TIMER0_voidSetCompareValue
 .text.TIMER0_u8SetPwmDutyCycle
                0x0000000000001284      0x1a8 ./TIMER0_program.o
                0x0000000000001284                TIMER0_u8SetPwmDutyCycle
 .text.TIMER0_u8IntEnable
                0x000000000000142c       0x5a ./TIMER0_program.o
                0x000000000000142c                TIMER0_u8IntEnable
 .text.TIMER0_u8IntDisable
                0x0000000000001486       0x5a ./TIMER0_program.o
                0x0000000000001486                TIMER0_u8IntDisable
 .text.TIMER0_u8SetCallBackCompMatch
                0x00000000000014e0       0x3a ./TIMER0_program.o
                0x00000000000014e0                TIMER0_u8SetCallBackCompMatch
 .text.TIMER0_u8SetCallBackOverflow
                0x000000000000151a       0x3a ./TIMER0_program.o
                0x000000000000151a                TIMER0_u8SetCallBackOverflow
 .text.__vector_10
                0x0000000000001554       0x6a ./TIMER0_program.o
                0x0000000000001554                __vector_10
 .text.__vector_11
                0x00000000000015be       0x6a ./TIMER0_program.o
                0x00000000000015be                __vector_11
 .text.TIMER2_voidInit
                0x0000000000001628       0x8e ./TIMER2_program.o
                0x0000000000001628                TIMER2_voidInit
 .text.TIMER2_u8SetPwmDutyCycle
                0x00000000000016b6      0x1a8 ./TIMER2_program.o
                0x00000000000016b6                TIMER2_u8SetPwmDutyCycle
 .text.TIMER2_u8SetPrescaler
                0x000000000000185e       0x4c ./TIMER2_program.o
                0x000000000000185e                TIMER2_u8SetPrescaler
 .text.TIMER2_voidStopTimer2
                0x00000000000018aa       0x32 ./TIMER2_program.o
                0x00000000000018aa                TIMER2_voidStopTimer2
 .text.TIMER2_voidSetCompareValue
                0x00000000000018dc       0x20 ./TIMER2_program.o
                0x00000000000018dc                TIMER2_voidSetCompareValue
 .text.TIMER2_u8IntEnable
                0x00000000000018fc       0x5a ./TIMER2_program.o
                0x00000000000018fc                TIMER2_u8IntEnable
 .text.TIMER2_u8IntDisable
                0x0000000000001956       0x5a ./TIMER2_program.o
                0x0000000000001956                TIMER2_u8IntDisable
 .text.TIMER2_u8SetCallBackCompMatch
                0x00000000000019b0       0x3a ./TIMER2_program.o
                0x00000000000019b0                TIMER2_u8SetCallBackCompMatch
 .text.TIMER2_u8SetCallBackOverflow
                0x00000000000019ea       0x3a ./TIMER2_program.o
                0x00000000000019ea                TIMER2_u8SetCallBackOverflow
 .text.__vector_4
                0x0000000000001a24       0x6a ./TIMER2_program.o
                0x0000000000001a24                __vector_4
 .text.__vector_5
                0x0000000000001a8e       0x6a ./TIMER2_program.o
                0x0000000000001a8e                __vector_5
 .text.main     0x0000000000001af8      0x2ea ./main.o
                0x0000000000001af8                main
 .text.libgcc.mul
                0x0000000000001de2        0x0 m:/full embedded systems diploma imt/programs/avr8-gnu-toolchain/bin/../lib/gcc/avr/7.3.0/avr5\libgcc.a(_exit.o)
 .text.libgcc.div
                0x0000000000001de2        0x0 m:/full embedded systems diploma imt/programs/avr8-gnu-toolchain/bin/../lib/gcc/avr/7.3.0/avr5\libgcc.a(_exit.o)
 .text.libgcc   0x0000000000001de2        0x0 m:/full embedded systems diploma imt/programs/avr8-gnu-toolchain/bin/../lib/gcc/avr/7.3.0/avr5\libgcc.a(_exit.o)
 .text.libgcc.prologue
                0x0000000000001de2        0x0 m:/full embedded systems diploma imt/programs/avr8-gnu-toolchain/bin/../lib/gcc/avr/7.3.0/avr5\libgcc.a(_exit.o)
 .text.libgcc.builtins
                0x0000000000001de2        0x0 m:/full embedded systems diploma imt/programs/avr8-gnu-toolchain/bin/../lib/gcc/avr/7.3.0/avr5\libgcc.a(_exit.o)
 .text.libgcc.fmul
                0x0000000000001de2        0x0 m:/full embedded systems diploma imt/programs/avr8-gnu-toolchain/bin/../lib/gcc/avr/7.3.0/avr5\libgcc.a(_exit.o)
 .text.libgcc.fixed
                0x0000000000001de2        0x0 m:/full embedded systems diploma imt/programs/avr8-gnu-toolchain/bin/../lib/gcc/avr/7.3.0/avr5\libgcc.a(_exit.o)
 .text.libgcc.mul
                0x0000000000001de2        0x0 m:/full embedded systems diploma imt/programs/avr8-gnu-toolchain/bin/../lib/gcc/avr/7.3.0/avr5\libgcc.a(_clear_bss.o)
 .text.libgcc.div
                0x0000000000001de2        0x0 m:/full embedded systems diploma imt/programs/avr8-gnu-toolchain/bin/../lib/gcc/avr/7.3.0/avr5\libgcc.a(_clear_bss.o)
 .text.libgcc   0x0000000000001de2        0x0 m:/full embedded systems diploma imt/programs/avr8-gnu-toolchain/bin/../lib/gcc/avr/7.3.0/avr5\libgcc.a(_clear_bss.o)
 .text.libgcc.prologue
                0x0000000000001de2        0x0 m:/full embedded systems diploma imt/programs/avr8-gnu-toolchain/bin/../lib/gcc/avr/7.3.0/avr5\libgcc.a(_clear_bss.o)
 .text.libgcc.builtins
                0x0000000000001de2        0x0 m:/full embedded systems diploma imt/programs/avr8-gnu-toolchain/bin/../lib/gcc/avr/7.3.0/avr5\libgcc.a(_clear_bss.o)
 .text.libgcc.fmul
                0x0000000000001de2        0x0 m:/full embedded systems diploma imt/programs/avr8-gnu-toolchain/bin/../lib/gcc/avr/7.3.0/avr5\libgcc.a(_clear_bss.o)
 .text.libgcc.fixed
                0x0000000000001de2        0x0 m:/full embedded systems diploma imt/programs/avr8-gnu-toolchain/bin/../lib/gcc/avr/7.3.0/avr5\libgcc.a(_clear_bss.o)
 .text.avr-libc.fplib
                0x0000000000001de2        0xe m:/full embedded systems diploma imt/programs/avr8-gnu-toolchain/bin/../lib/gcc/avr/7.3.0/../../../../avr/lib/avr5\libm.a(addsf3.o)
                0x0000000000001de2                __subsf3
                0x0000000000001de4                __addsf3
 .text.avr-libc.fplib
                0x0000000000001df0       0xcc m:/full embedded systems diploma imt/programs/avr8-gnu-toolchain/bin/../lib/gcc/avr/7.3.0/../../../../avr/lib/avr5\libm.a(addsf3x.o)
                0x0000000000001e12                __addsf3x
 .text.avr-libc.fplib
                0x0000000000001ebc        0xa m:/full embedded systems diploma imt/programs/avr8-gnu-toolchain/bin/../lib/gcc/avr/7.3.0/../../../../avr/lib/avr5\libm.a(cmpsf2.o)
                0x0000000000001ebc                __nesf2
                0x0000000000001ebc                __eqsf2
                0x0000000000001ebc                __cmpsf2
                0x0000000000001ebc                __ltsf2
                0x0000000000001ebc                __lesf2
 .text.avr-libc.fplib
                0x0000000000001ec6        0x8 m:/full embedded systems diploma imt/programs/avr8-gnu-toolchain/bin/../lib/gcc/avr/7.3.0/../../../../avr/lib/avr5\libm.a(divsf3.o)
                0x0000000000001ec6                __divsf3
 .text.avr-libc.fplib
                0x0000000000001ece       0xdc m:/full embedded systems diploma imt/programs/avr8-gnu-toolchain/bin/../lib/gcc/avr/7.3.0/../../../../avr/lib/avr5\libm.a(divsf3x.o)
                0x0000000000001eee                __divsf3x
                0x0000000000001ef4                __divsf3_pse
 .text.avr-libc.fplib
                0x0000000000001faa       0x5e m:/full embedded systems diploma imt/programs/avr8-gnu-toolchain/bin/../lib/gcc/avr/7.3.0/../../../../avr/lib/avr5\libm.a(fixunssfsi.o)
                0x0000000000001faa                __fixunssfsi
 .text.avr-libc.fplib
                0x0000000000002008       0x7a m:/full embedded systems diploma imt/programs/avr8-gnu-toolchain/bin/../lib/gcc/avr/7.3.0/../../../../avr/lib/avr5\libm.a(floatsisf.o)
                0x0000000000002008                __floatunsisf
                0x000000000000200c                __floatsisf
 .text.avr-libc.fplib
                0x0000000000002082       0x48 m:/full embedded systems diploma imt/programs/avr8-gnu-toolchain/bin/../lib/gcc/avr/7.3.0/../../../../avr/lib/avr5\libm.a(fp_cmp.o)
                0x0000000000002082                __fp_cmp
 .text.avr-libc.fplib
                0x00000000000020ca        0xc m:/full embedded systems diploma imt/programs/avr8-gnu-toolchain/bin/../lib/gcc/avr/7.3.0/../../../../avr/lib/avr5\libm.a(fp_inf.o)
                0x00000000000020ca                __fp_inf
 .text.avr-libc.fplib
                0x00000000000020d6        0x6 m:/full embedded systems diploma imt/programs/avr8-gnu-toolchain/bin/../lib/gcc/avr/7.3.0/../../../../avr/lib/avr5\libm.a(fp_nan.o)
                0x00000000000020d6                __fp_nan
 .text.avr-libc.fplib
                0x00000000000020dc        0xe m:/full embedded systems diploma imt/programs/avr8-gnu-toolchain/bin/../lib/gcc/avr/7.3.0/../../../../avr/lib/avr5\libm.a(fp_pscA.o)
                0x00000000000020dc                __fp_pscA
 .text.avr-libc.fplib
                0x00000000000020ea        0xe m:/full embedded systems diploma imt/programs/avr8-gnu-toolchain/bin/../lib/gcc/avr/7.3.0/../../../../avr/lib/avr5\libm.a(fp_pscB.o)
                0x00000000000020ea                __fp_pscB
 .text.avr-libc.fplib
                0x00000000000020f8       0x22 m:/full embedded systems diploma imt/programs/avr8-gnu-toolchain/bin/../lib/gcc/avr/7.3.0/../../../../avr/lib/avr5\libm.a(fp_round.o)
                0x00000000000020f8                __fp_round
 .text.avr-libc.fplib
                0x000000000000211a       0x44 m:/full embedded systems diploma imt/programs/avr8-gnu-toolchain/bin/../lib/gcc/avr/7.3.0/../../../../avr/lib/avr5\libm.a(fp_split3.o)
                0x000000000000211a                __fp_split3
                0x000000000000212a                __fp_splitA
 .text.avr-libc.fplib
                0x000000000000215e        0xe m:/full embedded systems diploma imt/programs/avr8-gnu-toolchain/bin/../lib/gcc/avr/7.3.0/../../../../avr/lib/avr5\libm.a(fp_zero.o)
                0x000000000000215e                __fp_zero
                0x0000000000002160                __fp_szero
 .text.avr-libc.fplib
                0x000000000000216c        0xa m:/full embedded systems diploma imt/programs/avr8-gnu-toolchain/bin/../lib/gcc/avr/7.3.0/../../../../avr/lib/avr5\libm.a(gesf2.o)
                0x000000000000216c                __gesf2
                0x000000000000216c                __gtsf2
 .text.avr-libc.fplib
                0x0000000000002176        0x8 m:/full embedded systems diploma imt/programs/avr8-gnu-toolchain/bin/../lib/gcc/avr/7.3.0/../../../../avr/lib/avr5\libm.a(mulsf3.o)
                0x0000000000002176                __mulsf3
 .text.avr-libc.fplib
                0x000000000000217e       0xd2 m:/full embedded systems diploma imt/programs/avr8-gnu-toolchain/bin/../lib/gcc/avr/7.3.0/../../../../avr/lib/avr5\libm.a(mulsf3x.o)
                0x000000000000219c                __mulsf3x
                0x00000000000021a2                __mulsf3_pse
                0x0000000000002250                . = ALIGN (0x2)
 *(.fini9)
 .fini9         0x0000000000002250        0x0 m:/full embedded systems diploma imt/programs/avr8-gnu-toolchain/bin/../lib/gcc/avr/7.3.0/avr5\libgcc.a(_exit.o)
                0x0000000000002250                _exit
                0x0000000000002250                exit
 *(.fini9)
 *(.fini8)
 *(.fini8)
 *(.fini7)
 *(.fini7)
 *(.fini6)
 *(.fini6)
 *(.fini5)
 *(.fini5)
 *(.fini4)
 *(.fini4)
 *(.fini3)
 *(.fini3)
 *(.fini2)
 *(.fini2)
 *(.fini1)
 *(.fini1)
 *(.fini0)
 .fini0         0x0000000000002250        0x4 m:/full embedded systems diploma imt/programs/avr8-gnu-toolchain/bin/../lib/gcc/avr/7.3.0/avr5\libgcc.a(_exit.o)
 *(.fini0)
                0x0000000000002254                _etext = .

.data           0x0000000000800060        0x0 load address 0x0000000000002254
                [!provide]                        PROVIDE (__data_start, .)
 *(.data)
 .data          0x0000000000800060        0x0 m:/full embedded systems diploma imt/programs/avr8-gnu-toolchain/bin/../lib/gcc/avr/7.3.0/../../../../avr/lib/avr5/crtatmega32.o
 .data          0x0000000000800060        0x0 ./APP_program.o
 .data          0x0000000000800060        0x0 ./DCM_program.o
 .data          0x0000000000800060        0x0 ./DIO_program.o
 .data          0x0000000000800060        0x0 ./IR_program.o
 .data          0x0000000000800060        0x0 ./PORT_program.o
 .data          0x0000000000800060        0x0 ./TIMER0_program.o
 .data          0x0000000000800060        0x0 ./TIMER2_program.o
 .data          0x0000000000800060        0x0 ./main.o
 .data          0x0000000000800060        0x0 m:/full embedded systems diploma imt/programs/avr8-gnu-toolchain/bin/../lib/gcc/avr/7.3.0/avr5\libgcc.a(_exit.o)
 .data          0x0000000000800060        0x0 m:/full embedded systems diploma imt/programs/avr8-gnu-toolchain/bin/../lib/gcc/avr/7.3.0/avr5\libgcc.a(_clear_bss.o)
 .data          0x0000000000800060        0x0 m:/full embedded systems diploma imt/programs/avr8-gnu-toolchain/bin/../lib/gcc/avr/7.3.0/../../../../avr/lib/avr5\libm.a(addsf3.o)
 .data          0x0000000000800060        0x0 m:/full embedded systems diploma imt/programs/avr8-gnu-toolchain/bin/../lib/gcc/avr/7.3.0/../../../../avr/lib/avr5\libm.a(addsf3x.o)
 .data          0x0000000000800060        0x0 m:/full embedded systems diploma imt/programs/avr8-gnu-toolchain/bin/../lib/gcc/avr/7.3.0/../../../../avr/lib/avr5\libm.a(cmpsf2.o)
 .data          0x0000000000800060        0x0 m:/full embedded systems diploma imt/programs/avr8-gnu-toolchain/bin/../lib/gcc/avr/7.3.0/../../../../avr/lib/avr5\libm.a(divsf3.o)
 .data          0x0000000000800060        0x0 m:/full embedded systems diploma imt/programs/avr8-gnu-toolchain/bin/../lib/gcc/avr/7.3.0/../../../../avr/lib/avr5\libm.a(divsf3x.o)
 .data          0x0000000000800060        0x0 m:/full embedded systems diploma imt/programs/avr8-gnu-toolchain/bin/../lib/gcc/avr/7.3.0/../../../../avr/lib/avr5\libm.a(fixunssfsi.o)
 .data          0x0000000000800060        0x0 m:/full embedded systems diploma imt/programs/avr8-gnu-toolchain/bin/../lib/gcc/avr/7.3.0/../../../../avr/lib/avr5\libm.a(floatsisf.o)
 .data          0x0000000000800060        0x0 m:/full embedded systems diploma imt/programs/avr8-gnu-toolchain/bin/../lib/gcc/avr/7.3.0/../../../../avr/lib/avr5\libm.a(fp_cmp.o)
 .data          0x0000000000800060        0x0 m:/full embedded systems diploma imt/programs/avr8-gnu-toolchain/bin/../lib/gcc/avr/7.3.0/../../../../avr/lib/avr5\libm.a(fp_inf.o)
 .data          0x0000000000800060        0x0 m:/full embedded systems diploma imt/programs/avr8-gnu-toolchain/bin/../lib/gcc/avr/7.3.0/../../../../avr/lib/avr5\libm.a(fp_nan.o)
 .data          0x0000000000800060        0x0 m:/full embedded systems diploma imt/programs/avr8-gnu-toolchain/bin/../lib/gcc/avr/7.3.0/../../../../avr/lib/avr5\libm.a(fp_pscA.o)
 .data          0x0000000000800060        0x0 m:/full embedded systems diploma imt/programs/avr8-gnu-toolchain/bin/../lib/gcc/avr/7.3.0/../../../../avr/lib/avr5\libm.a(fp_pscB.o)
 .data          0x0000000000800060        0x0 m:/full embedded systems diploma imt/programs/avr8-gnu-toolchain/bin/../lib/gcc/avr/7.3.0/../../../../avr/lib/avr5\libm.a(fp_round.o)
 .data          0x0000000000800060        0x0 m:/full embedded systems diploma imt/programs/avr8-gnu-toolchain/bin/../lib/gcc/avr/7.3.0/../../../../avr/lib/avr5\libm.a(fp_split3.o)
 .data          0x0000000000800060        0x0 m:/full embedded systems diploma imt/programs/avr8-gnu-toolchain/bin/../lib/gcc/avr/7.3.0/../../../../avr/lib/avr5\libm.a(fp_zero.o)
 .data          0x0000000000800060        0x0 m:/full embedded systems diploma imt/programs/avr8-gnu-toolchain/bin/../lib/gcc/avr/7.3.0/../../../../avr/lib/avr5\libm.a(gesf2.o)
 .data          0x0000000000800060        0x0 m:/full embedded systems diploma imt/programs/avr8-gnu-toolchain/bin/../lib/gcc/avr/7.3.0/../../../../avr/lib/avr5\libm.a(mulsf3.o)
 .data          0x0000000000800060        0x0 m:/full embedded systems diploma imt/programs/avr8-gnu-toolchain/bin/../lib/gcc/avr/7.3.0/../../../../avr/lib/avr5\libm.a(mulsf3x.o)
 *(.data*)
 *(.gnu.linkonce.d*)
 *(.rodata)
 *(.rodata*)
 *(.gnu.linkonce.r*)
                0x0000000000800060                . = ALIGN (0x2)
                0x0000000000800060                _edata = .
                [!provide]                        PROVIDE (__data_end, .)

.bss            0x0000000000800060        0xb
                0x0000000000800060                PROVIDE (__bss_start, .)
 *(.bss)
 .bss           0x0000000000800060        0x0 m:/full embedded systems diploma imt/programs/avr8-gnu-toolchain/bin/../lib/gcc/avr/7.3.0/../../../../avr/lib/avr5/crtatmega32.o
 .bss           0x0000000000800060        0x0 ./APP_program.o
 .bss           0x0000000000800060        0x0 ./DCM_program.o
 .bss           0x0000000000800060        0x0 ./DIO_program.o
 .bss           0x0000000000800060        0x0 ./IR_program.o
 .bss           0x0000000000800060        0x0 ./PORT_program.o
 .bss           0x0000000000800060        0x0 ./TIMER0_program.o
 .bss           0x0000000000800060        0x0 ./TIMER2_program.o
 .bss           0x0000000000800060        0x0 ./main.o
 .bss           0x0000000000800060        0x0 m:/full embedded systems diploma imt/programs/avr8-gnu-toolchain/bin/../lib/gcc/avr/7.3.0/avr5\libgcc.a(_exit.o)
 .bss           0x0000000000800060        0x0 m:/full embedded systems diploma imt/programs/avr8-gnu-toolchain/bin/../lib/gcc/avr/7.3.0/avr5\libgcc.a(_clear_bss.o)
 .bss           0x0000000000800060        0x0 m:/full embedded systems diploma imt/programs/avr8-gnu-toolchain/bin/../lib/gcc/avr/7.3.0/../../../../avr/lib/avr5\libm.a(addsf3.o)
 .bss           0x0000000000800060        0x0 m:/full embedded systems diploma imt/programs/avr8-gnu-toolchain/bin/../lib/gcc/avr/7.3.0/../../../../avr/lib/avr5\libm.a(addsf3x.o)
 .bss           0x0000000000800060        0x0 m:/full embedded systems diploma imt/programs/avr8-gnu-toolchain/bin/../lib/gcc/avr/7.3.0/../../../../avr/lib/avr5\libm.a(cmpsf2.o)
 .bss           0x0000000000800060        0x0 m:/full embedded systems diploma imt/programs/avr8-gnu-toolchain/bin/../lib/gcc/avr/7.3.0/../../../../avr/lib/avr5\libm.a(divsf3.o)
 .bss           0x0000000000800060        0x0 m:/full embedded systems diploma imt/programs/avr8-gnu-toolchain/bin/../lib/gcc/avr/7.3.0/../../../../avr/lib/avr5\libm.a(divsf3x.o)
 .bss           0x0000000000800060        0x0 m:/full embedded systems diploma imt/programs/avr8-gnu-toolchain/bin/../lib/gcc/avr/7.3.0/../../../../avr/lib/avr5\libm.a(fixunssfsi.o)
 .bss           0x0000000000800060        0x0 m:/full embedded systems diploma imt/programs/avr8-gnu-toolchain/bin/../lib/gcc/avr/7.3.0/../../../../avr/lib/avr5\libm.a(floatsisf.o)
 .bss           0x0000000000800060        0x0 m:/full embedded systems diploma imt/programs/avr8-gnu-toolchain/bin/../lib/gcc/avr/7.3.0/../../../../avr/lib/avr5\libm.a(fp_cmp.o)
 .bss           0x0000000000800060        0x0 m:/full embedded systems diploma imt/programs/avr8-gnu-toolchain/bin/../lib/gcc/avr/7.3.0/../../../../avr/lib/avr5\libm.a(fp_inf.o)
 .bss           0x0000000000800060        0x0 m:/full embedded systems diploma imt/programs/avr8-gnu-toolchain/bin/../lib/gcc/avr/7.3.0/../../../../avr/lib/avr5\libm.a(fp_nan.o)
 .bss           0x0000000000800060        0x0 m:/full embedded systems diploma imt/programs/avr8-gnu-toolchain/bin/../lib/gcc/avr/7.3.0/../../../../avr/lib/avr5\libm.a(fp_pscA.o)
 .bss           0x0000000000800060        0x0 m:/full embedded systems diploma imt/programs/avr8-gnu-toolchain/bin/../lib/gcc/avr/7.3.0/../../../../avr/lib/avr5\libm.a(fp_pscB.o)
 .bss           0x0000000000800060        0x0 m:/full embedded systems diploma imt/programs/avr8-gnu-toolchain/bin/../lib/gcc/avr/7.3.0/../../../../avr/lib/avr5\libm.a(fp_round.o)
 .bss           0x0000000000800060        0x0 m:/full embedded systems diploma imt/programs/avr8-gnu-toolchain/bin/../lib/gcc/avr/7.3.0/../../../../avr/lib/avr5\libm.a(fp_split3.o)
 .bss           0x0000000000800060        0x0 m:/full embedded systems diploma imt/programs/avr8-gnu-toolchain/bin/../lib/gcc/avr/7.3.0/../../../../avr/lib/avr5\libm.a(fp_zero.o)
 .bss           0x0000000000800060        0x0 m:/full embedded systems diploma imt/programs/avr8-gnu-toolchain/bin/../lib/gcc/avr/7.3.0/../../../../avr/lib/avr5\libm.a(gesf2.o)
 .bss           0x0000000000800060        0x0 m:/full embedded systems diploma imt/programs/avr8-gnu-toolchain/bin/../lib/gcc/avr/7.3.0/../../../../avr/lib/avr5\libm.a(mulsf3.o)
 .bss           0x0000000000800060        0x0 m:/full embedded systems diploma imt/programs/avr8-gnu-toolchain/bin/../lib/gcc/avr/7.3.0/../../../../avr/lib/avr5\libm.a(mulsf3x.o)
 *(.bss*)
 .bss.APP_u8StopFlag
                0x0000000000800060        0x1 ./APP_program.o
 .bss.Local_s8CurrentX.1780
                0x0000000000800061        0x1 ./APP_program.o
 .bss.Local_s8CurrentY.1781
                0x0000000000800062        0x1 ./APP_program.o
 .bss.TIMER0_pvCallBackFuncCompMatch
                0x0000000000800063        0x2 ./TIMER0_program.o
 .bss.TIMER0_pvCallBackFuncOverflow
                0x0000000000800065        0x2 ./TIMER0_program.o
 .bss.TIMER2_pvCallBackFuncCompMatch
                0x0000000000800067        0x2 ./TIMER2_program.o
 .bss.TIMER2_pvCallBackFuncOverflow
                0x0000000000800069        0x2 ./TIMER2_program.o
 *(COMMON)
                0x000000000080006b                PROVIDE (__bss_end, .)
                0x0000000000002254                __data_load_start = LOADADDR (.data)
                0x0000000000002254                __data_load_end = (__data_load_start + SIZEOF (.data))

.noinit         0x000000000080006b        0x0
                [!provide]                        PROVIDE (__noinit_start, .)
 *(.noinit*)
                [!provide]                        PROVIDE (__noinit_end, .)
                0x000000000080006b                _end = .
                [!provide]                        PROVIDE (__heap_start, .)

.eeprom         0x0000000000810000        0x0
 *(.eeprom*)
                0x0000000000810000                __eeprom_end = .

.fuse
 *(.fuse)
 *(.lfuse)
 *(.hfuse)
 *(.efuse)

.lock
 *(.lock*)

.signature
 *(.signature*)

.user_signatures
 *(.user_signatures*)

.stab           0x0000000000000000     0x3a08
 *(.stab)
 .stab          0x0000000000000000     0x138c ./APP_program.o
 .stab          0x000000000000138c      0x3a8 ./DCM_program.o
                                        0x420 (size before relaxing)
 .stab          0x0000000000001734      0x594 ./DIO_program.o
                                        0x60c (size before relaxing)
 .stab          0x0000000000001cc8      0x33c ./IR_program.o
                                        0x3b4 (size before relaxing)
 .stab          0x0000000000002004      0x30c ./PORT_program.o
                                        0x384 (size before relaxing)
 .stab          0x0000000000002310      0x8dc ./TIMER0_program.o
                                        0x954 (size before relaxing)
 .stab          0x0000000000002bec      0x8c4 ./TIMER2_program.o
                                        0x93c (size before relaxing)
 .stab          0x00000000000034b0      0x558 ./main.o
                                        0x768 (size before relaxing)

.stabstr        0x0000000000000000     0x15cd
 *(.stabstr)
 .stabstr       0x0000000000000000     0x15cd ./APP_program.o

.stab.excl
 *(.stab.excl)

.stab.exclstr
 *(.stab.exclstr)

.stab.index
 *(.stab.index)

.stab.indexstr
 *(.stab.indexstr)

.comment        0x0000000000000000       0x30
 *(.comment)
 .comment       0x0000000000000000       0x30 ./APP_program.o
                                         0x31 (size before relaxing)
 .comment       0x0000000000000030       0x31 ./DCM_program.o
 .comment       0x0000000000000030       0x31 ./DIO_program.o
 .comment       0x0000000000000030       0x31 ./IR_program.o
 .comment       0x0000000000000030       0x31 ./PORT_program.o
 .comment       0x0000000000000030       0x31 ./TIMER0_program.o
 .comment       0x0000000000000030       0x31 ./TIMER2_program.o
 .comment       0x0000000000000030       0x31 ./main.o

.note.gnu.avr.deviceinfo
                0x0000000000000000       0x3c
 .note.gnu.avr.deviceinfo
                0x0000000000000000       0x3c m:/full embedded systems diploma imt/programs/avr8-gnu-toolchain/bin/../lib/gcc/avr/7.3.0/../../../../avr/lib/avr5/crtatmega32.o

.note.gnu.build-id
 *(.note.gnu.build-id)

.debug
 *(.debug)

.line
 *(.line)

.debug_srcinfo
 *(.debug_srcinfo)

.debug_sfnames
 *(.debug_sfnames)

.debug_aranges
 *(.debug_aranges)

.debug_pubnames
 *(.debug_pubnames)

.debug_info     0x0000000000000000      0x4e6
 *(.debug_info .gnu.linkonce.wi.*)
 .debug_info    0x0000000000000000      0x4e6 m:/full embedded systems diploma imt/programs/avr8-gnu-toolchain/bin/../lib/gcc/avr/7.3.0/../../../../avr/lib/avr5/crtatmega32.o

.debug_abbrev   0x0000000000000000      0x4a3
 *(.debug_abbrev)
 .debug_abbrev  0x0000000000000000      0x4a3 m:/full embedded systems diploma imt/programs/avr8-gnu-toolchain/bin/../lib/gcc/avr/7.3.0/../../../../avr/lib/avr5/crtatmega32.o

.debug_line     0x0000000000000000       0x1a
 *(.debug_line .debug_line.* .debug_line_end)
 .debug_line    0x0000000000000000       0x1a m:/full embedded systems diploma imt/programs/avr8-gnu-toolchain/bin/../lib/gcc/avr/7.3.0/../../../../avr/lib/avr5/crtatmega32.o

.debug_frame
 *(.debug_frame)

.debug_str      0x0000000000000000      0x196
 *(.debug_str)
 .debug_str     0x0000000000000000      0x196 m:/full embedded systems diploma imt/programs/avr8-gnu-toolchain/bin/../lib/gcc/avr/7.3.0/../../../../avr/lib/avr5/crtatmega32.o

.debug_loc
 *(.debug_loc)

.debug_macinfo
 *(.debug_macinfo)

.debug_weaknames
 *(.debug_weaknames)

.debug_funcnames
 *(.debug_funcnames)

.debug_typenames
 *(.debug_typenames)

.debug_varnames
 *(.debug_varnames)

.debug_pubtypes
 *(.debug_pubtypes)

.debug_ranges
 *(.debug_ranges)

.debug_macro
 *(.debug_macro)
OUTPUT(Navigation.elf elf32-avr)
LOAD linker stubs
